labuser@labuser-virtual-machine:~$ git --version
git version 2.34.1
labuser@labuser-virtual-machine:~$ mkdir
mkdir: missing operand
Try 'mkdir --help' for more information.
labuser@labuser-virtual-machine:~$ mkdir test1
mkdir: cannot create directory ‘test1’: File exists
labuser@labuser-virtual-machine:~$ cd test1
labuser@labuser-virtual-machine:~/test1$ git init
Reinitialized existing Git repository in /home/labuser/test1/.git/
labuser@labuser-virtual-machine:~/test1$ echo "test1">test1
labuser@labuser-virtual-machine:~/test1$ git status
On branch master
nothing to commit, working tree clean
labuser@labuser-virtual-machine:~/test1$ git add
Nothing specified, nothing added.
hint: Maybe you wanted to say 'git add .'?
hint: Turn this message off by running
hint: "git config advice.addEmptyPathspec false"
labuser@labuser-virtual-machine:~/test1$ git add .
labuser@labuser-virtual-machine:~/test1$ git commit -m "change1"
On branch master
nothing to commit, working tree clean
labuser@labuser-virtual-machine:~/test1$ git remote add origin git@github.com:Dattathreya1/labtest1.git
error: remote origin already exists.
labuser@labuser-virtual-machine:~/test1$ git remote -v
origin	https (fetch)
origin	https (push)
origin1	https://Dattathreya1/assignment1.git (fetch)
origin1	https://Dattathreya1/assignment1.git (push)
origin2	https://Dattathreya1/assignment1.git (fetch)
origin2	https://Dattathreya1/assignment1.git (push)
labuser@labuser-virtual-machine:~/test1$ git push -u origin2 master
fatal: unable to access 'https://Dattathreya1/assignment1.git/': Could not resolve host: Dattathreya1
labuser@labuser-virtual-machine:~/test1$ git remote add origin https://github.com/Dattathreya1/labtest1.git
error: remote origin already exists.
labuser@labuser-virtual-machine:~/test1$ git remote -v
origin	https (fetch)
origin	https (push)
origin1	https://Dattathreya1/assignment1.git (fetch)
origin1	https://Dattathreya1/assignment1.git (push)
origin2	https://Dattathreya1/assignment1.git (fetch)
origin2	https://Dattathreya1/assignment1.git (push)
labuser@labuser-virtual-machine:~/test1$ git remote add origin3 https://github.com/Dattathreya1/labtest1.git
labuser@labuser-virtual-machine:~/test1$ git remote -v
origin	https (fetch)
origin	https (push)
origin1	https://Dattathreya1/assignment1.git (fetch)
origin1	https://Dattathreya1/assignment1.git (push)
origin2	https://Dattathreya1/assignment1.git (fetch)
origin2	https://Dattathreya1/assignment1.git (push)
origin3	https://github.com/Dattathreya1/labtest1.git (fetch)
origin3	https://github.com/Dattathreya1/labtest1.git (push)
labuser@labuser-virtual-machine:~/test1$ git push -u origin3 master
Username for 'https://github.com': Dattathreya1
Password for 'https://Dattathreya1@github.com': 
Enumerating objects: 3, done.
Counting objects: 100% (3/3), done.
Writing objects: 100% (3/3), 222 bytes | 222.00 KiB/s, done.
Total 3 (delta 0), reused 0 (delta 0), pack-reused 0
To https://github.com/Dattathreya1/labtest1.git
 * [new branch]      master -> master
Branch 'master' set up to track remote branch 'master' from 'origin3'.
labuser@labuser-virtual-machine:~/test1$ ls
test1
labuser@labuser-virtual-machine:~/test1$ nano test1
labuser@labuser-virtual-machine:~/test1$ nano test1
labuser@labuser-virtual-machine:~/test1$ git add
Nothing specified, nothing added.
hint: Maybe you wanted to say 'git add .'?
hint: Turn this message off by running
hint: "git config advice.addEmptyPathspec false"
labuser@labuser-virtual-machine:~/test1$ git add .
labuser@labuser-virtual-machine:~/test1$ git commit -m "change2"
[master 1f5e357] change2
 1 file changed, 1 insertion(+), 1 deletion(-)
labuser@labuser-virtual-machine:~/test1$ git push -u origin3 master
Username for 'https://github.com': Dattathreya1
Password for 'https://Dattathreya1@github.com': 
Enumerating objects: 5, done.
Counting objects: 100% (5/5), done.
Writing objects: 100% (3/3), 251 bytes | 251.00 KiB/s, done.
Total 3 (delta 0), reused 0 (delta 0), pack-reused 0
To https://github.com/Dattathreya1/labtest1.git
   8804006..1f5e357  master -> master
Branch 'master' set up to track remote branch 'master' from 'origin3'.
labuser@labuser-virtual-machine:~/test1$ nano test1
labuser@labuser-virtual-machine:~/test1$ nano test1
labuser@labuser-virtual-machine:~/test1$ git add .
labuser@labuser-virtual-machine:~/test1$ git commit -m "change2"
On branch master
Your branch is up to date with 'origin3/master'.

nothing to commit, working tree clean
labuser@labuser-virtual-machine:~/test1$ git push -u origin3 master
Username for 'https://github.com': Dattathreya1
Password for 'https://Dattathreya1@github.com': 
Branch 'master' set up to track remote branch 'master' from 'origin3'.
Everything up-to-date
labuser@labuser-virtual-machine:~/test1$ git branch
* master
labuser@labuser-virtual-machine:~/test1$ git branch devops1
labuser@labuser-virtual-machine:~/test1$ git checkout devops1
Switched to branch 'devops1'
labuser@labuser-virtual-machine:~/test1$ git branch
* devops1
  master
labuser@labuser-virtual-machine:~/test1$ echo "test3" > file1
labuser@labuser-virtual-machine:~/test1$ echo "test4" > file2
labuser@labuser-virtual-machine:~/test1$ ls -li
total 12
6160985 -rw-rw-r-- 1 labuser labuser 6 Dec 14 09:06 file1
6160986 -rw-rw-r-- 1 labuser labuser 6 Dec 14 09:06 file2
6162013 -rw-rw-r-- 1 labuser labuser 6 Dec 14 08:45 test1
labuser@labuser-virtual-machine:~/test1$ git add .
labuser@labuser-virtual-machine:~/test1$ git commit -m "change4"
[devops1 e705ade] change4
 2 files changed, 2 insertions(+)
 create mode 100644 file1
 create mode 100644 file2
labuser@labuser-virtual-machine:~/test1$ git push -u origin3 devops1
Username for 'https://github.com': Dattathreya1
Password for 'https://Dattathreya1@github.com': 
remote: Invalid username or password.
fatal: Authentication failed for 'https://github.com/Dattathreya1/labtest1.git/'
labuser@labuser-virtual-machine:~/test1$ git push -u origin3 devops1
Username for 'https://github.com': Dattathreya1
Password for 'https://Dattathreya1@github.com': 
Enumerating objects: 5, done.
Counting objects: 100% (5/5), done.
Delta compression using up to 4 threads
Compressing objects: 100% (2/2), done.
Writing objects: 100% (4/4), 322 bytes | 322.00 KiB/s, done.
Total 4 (delta 0), reused 0 (delta 0), pack-reused 0
remote: 
remote: Create a pull request for 'devops1' on GitHub by visiting:
remote:      https://github.com/Dattathreya1/labtest1/pull/new/devops1
remote: 
To https://github.com/Dattathreya1/labtest1.git
 * [new branch]      devops1 -> devops1
Branch 'devops1' set up to track remote branch 'devops1' from 'origin3'.
labuser@labuser-virtual-machine:~/test1$ git branch
* devops1
  master
labuser@labuser-virtual-machine:~/test1$ git checkout master
Switched to branch 'master'
Your branch is up to date with 'origin3/master'.
labuser@labuser-virtual-machine:~/test1$ git merge devops1
Updating 1f5e357..e705ade
Fast-forward
 file1 | 1 +
 file2 | 1 +
 2 files changed, 2 insertions(+)
 create mode 100644 file1
 create mode 100644 file2
labuser@labuser-virtual-machine:~/test1$ git log -p
commit e705ade803d3c98879fdf42fca37106a4c7ba31c (HEAD -> master, origin3/devops1, devops1)
Author: David Robichaud <david.robichaud@skillsoft.com>
Date:   Sat Dec 14 09:07:26 2024 -0500

    change4

diff --git a/file1 b/file1
new file mode 100644
index 0000000..df6b0d2
--- /dev/null
+++ b/file1
@@ -0,0 +1 @@
+test3
diff --git a/file2 b/file2
new file mode 100644
index 0000000..d234c5e
--- /dev/null
+++ b/file2
@@ -0,0 +1 @@
+test4

commit 1f5e357d135798cb90a09857c5ddd1bc1fde688e (origin3/master)
Author: David Robichaud <david.robichaud@skillsoft.com>
Date:   Sat Dec 14 08:37:39 2024 -0500

    change2

diff --git a/test1 b/test1
index a5bce3f..180cf83 100644
--- a/test1
+++ b/test1
@@ -1 +1 @@
-test1
+test2

commit 88040066390c9e14fe0f554b8e8d1367fb55c729
Author: David Robichaud <david.robichaud@skillsoft.com>
Date:   Sat Dec 14 06:29:27 2024 -0500

    change1

diff --git a/test1 b/test1
new file mode 100644
index 0000000..a5bce3f
--- /dev/null
+++ b/test1
@@ -0,0 +1 @@
+test1
labuser@labuser-virtual-machine:~/test1$ git log --oneline
e705ade (HEAD -> master, origin3/devops1, devops1) change4
1f5e357 (origin3/master) change2
8804006 change1
labuser@labuser-virtual-machine:~/test1$ cd
labuser@labuser-virtual-machine:~$ git clone https://github.com/Dattathreya1/labtest1
Cloning into 'labtest1'...
remote: Enumerating objects: 10, done.
remote: Counting objects: 100% (10/10), done.
remote: Compressing objects: 100% (4/4), done.
remote: Total 10 (delta 0), reused 10 (delta 0), pack-reused 0 (from 0)
Receiving objects: 100% (10/10), done.
labuser@labuser-virtual-machine:~$ ls -li
total 52
6029410 drwxr-xr-x 2 labuser labuser 4096 Sep 12  2023 Desktop
6029414 drwxr-xr-x 3 labuser labuser 4096 Dec 15  2023 Documents
6029411 drwxr-xr-x 2 labuser labuser 4096 Dec 18  2023 Downloads
6036475 -rw-rw-r-- 1 labuser labuser   53 Dec 18  2023 execute.yml
6161002 drwxrwxr-x 3 labuser labuser 4096 Dec 14 09:14 labtest1
6029415 drwxr-xr-x 2 labuser labuser 4096 Sep 12  2023 Music
6029416 drwxr-xr-x 2 labuser labuser 4096 Sep 12  2023 Pictures
6029413 drwxr-xr-x 2 labuser labuser 4096 Sep 12  2023 Public
6030259 drwxrwxr-x 2 labuser labuser 4096 Dec 18  2023 repos
6029322 drwx------ 6 labuser labuser 4096 Dec 15  2023 snap
6029412 drwxr-xr-x 2 labuser labuser 4096 Sep 12  2023 Templates
6161981 drwxrwxr-x 3 labuser labuser 4096 Dec 14 09:12 test1
6029418 drwxr-xr-x 2 labuser labuser 4096 Sep 12  2023 Videos
labuser@labuser-virtual-machine:~$ cd labtest1
labuser@labuser-virtual-machine:~/labtest1$ ls
test1
labuser@labuser-virtual-machine:~/labtest1$ mkdir dev1
labuser@labuser-virtual-machine:~/labtest1$ cd dev1
labuser@labuser-virtual-machine:~/labtest1/dev1$ git pull https://github.com/Dattathreya1/labtest1
From https://github.com/Dattathreya1/labtest1
 * branch            HEAD       -> FETCH_HEAD
Already up to date.
labuser@labuser-virtual-machine:~/labtest1/dev1$ git branch
* master
labuser@labuser-virtual-machine:~/labtest1/dev1$ ls -li
total 0
labuser@labuser-virtual-machine:~/labtest1/dev1$ git branch m1
labuser@labuser-virtual-machine:~/labtest1/dev1$ git checkout m1
Switched to branch 'm1'
labuser@labuser-virtual-machine:~/labtest1/dev1$ echo "apple1" > fruit
labuser@labuser-virtual-machine:~/labtest1/dev1$ ls
fruit
labuser@labuser-virtual-machine:~/labtest1/dev1$ git checkout master
Switched to branch 'master'
Your branch is up to date with 'origin/master'.
labuser@labuser-virtual-machine:~/labtest1/dev1$ ls
fruit
labuser@labuser-virtual-machine:~/labtest1/dev1$ git checkout m1
Switched to branch 'm1'
labuser@labuser-virtual-machine:~/labtest1/dev1$ ls
fruit
labuser@labuser-virtual-machine:~/labtest1/dev1$ git rebase master
Current branch m1 is up to date.
labuser@labuser-virtual-machine:~/labtest1/dev1$ 


